SLURM_CPUS_ON_NODE: 1

 SWASH is preparing computation

+SWASH is processing output request    1
+SWASH is processing output request    2
[  0%]   step 1
[  0%]   step 2
[  0%]   step 3
[  0%]   step 4
[  0%]   step 5
[  0%]   step 6
[  0%]   step 7
[  0%]   step 8
[  0%]   step 9
[  0%]   step 10
[  0%]   step 11
[  0%]   step 12
[  0%]   step 13
[  0%]   step 14
[  0%]   step 15
[  0%]   step 16
[  0%]   step 17
[  0%]   step 18
[  0%]   step 19
[  0%]   step 20
[  0%]   step 21
[  0%]   step 22
[  0%]   step 23
[  0%]   step 24
[  0%]   step 25
[  0%]   step 26
[  0%]   step 27
[  0%]   step 28
[  0%]   step 29
[  0%]   step 30
[  0%]   step 31
[  0%]   step 32
[  0%]   step 33
[  0%]   step 34
[  0%]   step 35
[  0%]   step 36
[  0%]   step 37
[  0%]   step 38
[  0%]   step 39
[  0%]   step 40
[  0%]   step 41
[  0%]   step 42
[  0%]   step 43
[  0%]   step 44
[  0%]   step 45
[  0%]   step 46
[  0%]   step 47
[  0%]   step 48
[  0%]   step 49
[  0%]   step 50
[  0%]   step 51
[  0%]   step 52
[  0%]   step 53
[  0%]   step 54
[  0%]   step 55
[  0%]   step 56
[  0%]   step 57
[  0%]   step 58
[  0%]   step 59
[  0%]   step 60
[  0%]   step 61
[  0%]   step 62
[  0%]   step 63
[  0%]   step 64
[  0%]   step 65
[  0%]   step 66
[  0%]   step 67
[  0%]   step 68
[  0%]   step 69
[  0%]   step 70
[  0%]   step 71
[  0%]   step 72
[  0%]   step 73
[  0%]   step 74
[  0%]   step 75
[  0%]   step 76
[  0%]   step 77
[  0%]   step 78
[  0%]   step 79
[  0%]   step 80
[  0%]   step 81
[  0%]   step 82
[  0%]   step 83
[  0%]   step 84
[  0%]   step 85
[  0%]   step 86
[  0%]   step 87
[  0%]   step 88
[  0%]   step 89
[  0%]   step 90
[  0%]   step 91
[  0%]   step 92
[  0%]   step 93
[  0%]   step 94
[  0%]   step 95
[  0%]   step 96
[  0%]   step 97
[  0%]   step 98
[  0%]   step 99
[  0%]   step 100
[  0%]   step 101
[  0%]   step 102
[  0%]   step 103
[  0%]   step 104
[  0%]   step 105
[  0%]   step 106
[  0%]   step 107
[  0%]   step 108
[  0%]   step 109
[  0%]   step 110
[  0%]   step 111
[  0%]   step 112
[  0%]   step 113
[  0%]   step 114
[  0%]   step 115
[  0%]   step 116
[  0%]   step 117
+SWASH is processing output request    1
+SWASH is processing output request    2
[  0%]   step 118
[  0%]   step 119
[  0%]   step 120
[  0%]   step 121
[  0%]   step 122
[  0%]   step 123
[  0%]   step 124
[  0%]   step 125
[  0%]   step 126
[  0%]   step 127
[  0%]   step 128
[  0%]   step 129
[  0%]   step 130
[  0%]   step 131
[  0%]   step 132
[  0%]   step 133
[  0%]   step 134
[  0%]   step 135
[  0%]   step 136
[  0%]   step 137
[  0%]   step 138
[  0%]   step 139
[  0%]   step 140
[  0%]   step 141
[  0%]   step 142
[  0%]   step 143
[  0%]   step 144
[  0%]   step 145
[  0%]   step 146
[  0%]   step 147
[  0%]   step 148
[  0%]   step 149
[  0%]   step 150
[  0%]   step 151
[  0%]   step 152
[  0%]   step 153
[  0%]   step 154
[  0%]   step 155
[  0%]   step 156
[  0%]   step 157
[  0%]   step 158
[  0%]   step 159
[  0%]   step 160
[  0%]   step 161
[  0%]   step 162
[  0%]   step 163
[  0%]   step 164
[  0%]   step 165
[  0%]   step 166
[  0%]   step 167
[  0%]   step 168
[  0%]   step 169
[  0%]   step 170
[  0%]   step 171
[  0%]   step 172
[  0%]   step 173
[  0%]   step 174
[  0%]   step 175
[  0%]   step 176
[  0%]   step 177
[  0%]   step 178
[  0%]   step 179
[  0%]   step 180
[  0%]   step 181
[  0%]   step 182
[  0%]   step 183
[  0%]   step 184
[  0%]   step 185
[  0%]   step 186
[  0%]   step 187
[  0%]   step 188
[  0%]   step 189
[  0%]   step 190
[  0%]   step 191
[  0%]   step 192
[  0%]   step 193
[  0%]   step 194
[  0%]   step 195
[  0%]   step 196
[  0%]   step 197
[  0%]   step 198
[  0%]   step 199
[  0%]   step 200
[  0%]   step 201
[  0%]   step 202
[  0%]   step 203
[  0%]   step 204
[  0%]   step 205
[  0%]   step 206
[  0%]   step 207
[  0%]   step 208
[  0%]   step 209
[  0%]   step 210
[  0%]   step 211
[  0%]   step 212
[  0%]   step 213
[  0%]   step 214
[  0%]   step 215
[  0%]   step 216
[  0%]   step 217
[  0%]   step 218
[  0%]   step 219
[  0%]   step 220
[  0%]   step 221
[  0%]   step 222
[  0%]   step 223
[  0%]   step 224
[  0%]   step 225
[  0%]   step 226
[  0%]   step 227
[  0%]   step 228
[  0%]   step 229
[  0%]   step 230
[  0%]   step 231
[  0%]   step 232
[  0%]   step 233
+SWASH is processing output request    1
+SWASH is processing output request    2
[  0%]   step 234
[  0%]   step 235
[  0%]   step 236
[  0%]   step 237
[  0%]   step 238
[  0%]   step 239
[  0%]   step 240
[  0%]   step 241
[  0%]   step 242
[  0%]   step 243
[  0%]   step 244
[  0%]   step 245
[  0%]   step 246
[  0%]   step 247
[  0%]   step 248
[  0%]   step 249
[  0%]   step 250
[  0%]   step 251
[  0%]   step 252
[  0%]   step 253
[  0%]   step 254
[  0%]   step 255
[  0%]   step 256
[  0%]   step 257
[  0%]   step 258
[  0%]   step 259
[  0%]   step 260
[  0%]   step 261
[  0%]   step 262
[  0%]   step 263
[  0%]   step 264
[  0%]   step 265
[  0%]   step 266
[  0%]   step 267
[  0%]   step 268
[  0%]   step 269
[  0%]   step 270
[  0%]   step 271
[  0%]   step 272
[  0%]   step 273
[  0%]   step 274
[  0%]   step 275
[  0%]   step 276
[  0%]   step 277
[  0%]   step 278
[  0%]   step 279
[  0%]   step 280
[  0%]   step 281
[  0%]   step 282
[  0%]   step 283
[  0%]   step 284
[  0%]   step 285
[  0%]   step 286
[  0%]   step 287
[  0%]   step 288
[  0%]   step 289
[  0%]   step 290
[  0%]   step 291
[  0%]   step 292
[  0%]   step 293
[  0%]   step 294
[  0%]   step 295
[  0%]   step 296
[  0%]   step 297
[  0%]   step 298
Terminating error: INSTABLE: water level is too far below the bottom level!
